segment {
    Type:     PT_LOAD
    Flags:    0x00000005
    VirtAddr: 0x0000000000000000
    PhysAddr: 0x0000000000000000
    MemSize:  0x0000000000030f84
    Align:    0x0000000000010000
    Data:     
        header {
            Class:      ELFCLASS64
            Data:       ELFDATA2MSB
            OSABI:      ELFOSABI_LINUX
            ABIVersion: 0
            Type:       ET_DYN
            Machine:    EM_PPC64
            Entry:      0x000000000004e7b0
            Flags:      0x00000001
        }
        segment table
        section 1 ".gnu.hash" {
            Type:      SHT_EXT 1879048182
            Flags:     0x0000000000000002
            Addr:      0x0000000000000158
            AddrAlign: 0x0000000000000008
            EntSize:   0x0000000000000000
            Data:      00 00 00 2e 00 00 00 03 00 00 00 04 00 00 00 08 # ................
                       16 00 00 18 00 41 04 20 04 80 17 05 c4 20 82 89 # .....A. ..... ..
                       ...
                       ed 70 d1 93 b2 3c 80 6b 42 a5 a9 55 ab d4 2c 4f # .p...<.kB..U..,O
                       total: 364
        }
        symbol table section 2 ".dynsym" {
            Type:  SHT_DYNSYM
            Flags: 0x0000000000000002
            Data:  
                symbol "" {
                    Bind:  STB_Local
                    Type:  STT_NoType
                    ShNdx: SHN_Undef
                    Value: 0x0000000000000000
                    Size:  0x0000000000000000
                }
                symbol "" {
                    Bind:  STB_Local
                    Type:  STT_Section
                    ShNdx: SHN_EXT 8
                    Value: 0x0000000000003de0
                    Size:  0x0000000000000000
                }
                ...
                symbol "_dl_var_init" {
                    Bind:  STB_Global
                    Type:  STT_Func
                    ShNdx: SHN_EXT 14
                    Value: 0x000000000004f3f8
                    Size:  0x0000000000000060
                }
                total: 36
        }
        section 3 ".dynstr" {
            Type:      SHT_STRTAB
            Flags:     0x0000000000000002
            Addr:      0x0000000000000628
            AddrAlign: 0x0000000000000001
            EntSize:   0x0000000000000000
            Data:      00 5f 72 74 6c 64 5f 67 6c 6f 62 61 6c 00 5f 64 # ._rtld_global._d
                       6c 5f 66 69 6e 64 5f 64 73 6f 5f 66 6f 72 5f 6f # l_find_dso_for_o
                       ...
                       33 00 47 4c 49 42 43 5f 50 52 49 56 41 54 45 00 # 3.GLIBC_PRIVATE.
                       total: 593
        }
        section 4 ".gnu.version" {
            Type:      SHT_EXT 1879048191
            Flags:     0x0000000000000002
            Addr:      0x000000000000087a
            AddrAlign: 0x0000000000000002
            EntSize:   0x0000000000000002
            Data:      00 00 00 00 00 00 00 02 00 06 00 06 00 06 00 06 # ................
                       00 06 00 06 00 04 00 05 00 06 00 06 00 05 00 06 # ................
                       ...
                       00 06 00 06 00 06 00 06 00 06 00 06 00 06 00 06 # ................
                       total: 72
        }
        section 5 ".gnu.version_d" {
            Type:      SHT_EXT 1879048189
            Flags:     0x0000000000000002
            Addr:      0x00000000000008c8
            AddrAlign: 0x0000000000000008
            EntSize:   0x0000000000000000
            Data:      00 01 00 01 00 01 00 01 09 75 f4 61 00 00 00 14 # .........u.a....
                       00 00 00 1c 00 00 02 0f 00 00 00 00 00 01 00 00 # ................
                       ...
                       00 00 02 43 00 00 00 08 00 00 02 38 00 00 00 00 # ...C.......8....
                       total: 200
        }
        section 6 ".rela.dyn" {
            Type:      SHT_RELA
            Flags:     0x0000000000000002
            Addr:      0x0000000000000990
            AddrAlign: 0x0000000000000008
            EntSize:   0x0000000000000018
            Data:      00 00 00 00 00 04 e0 58 00 00 00 00 00 00 00 16 # .......X........
                       00 00 00 00 00 04 ee 28 00 00 00 00 00 04 e0 60 # .......(.......`
                       ...
                       00 00 00 00 00 00 00 f7 00 00 00 00 00 04 fb 60 # ...............`
                       total: 13296
        }
        section 7 ".rela.plt" {
            Type:      SHT_RELA
            Flags:     0x0000000000000042
            Addr:      0x0000000000003d80
            AddrAlign: 0x0000000000000008
            EntSize:   0x0000000000000018
            Data:      00 00 00 00 00 04 fd 88 00 00 00 05 00 00 00 15 # ................
                       00 00 00 00 00 00 00 00 00 00 00 00 00 04 fd a0 # ................
                       ...
                       00 00 00 11 00 00 00 15 00 00 00 00 00 00 00 00 # ................
                       total: 96
        }
        section 8 ".text" {
            Type:      SHT_PROGBITS
            Flags:     0x0000000000000006
            Addr:      0x0000000000003de0
            AddrAlign: 0x0000000000000020
            EntSize:   0x0000000000000000
            Data:      f8 41 00 28 3d 62 ff ff e9 8b 7f e8 7d 89 03 a6 # .A.(=b......}...
                       e8 4b 7f f0 4e 80 04 20 00 00 00 00 00 00 00 00 # .K..N.. ........
                       ...
                       38 00 00 02 4b ff ff c0 38 00 00 03 4b ff ff b8 # 8...K...8...K...
                       total: 149428
        }
        section 9 ".rodata" {
            Type:      SHT_PROGBITS
            Flags:     0x0000000000000002
            Addr:      0x0000000000028598
            AddrAlign: 0x0000000000000008
            EntSize:   0x0000000000000000
            Data:      04 6c 69 62 73 00 00 00 00 00 00 64 69 73 70 6c # .libs......displ
                       61 79 20 6c 69 62 72 61 72 79 20 73 65 61 72 63 # ay library searc
                       ...
                       4b 49 4e 47 41 44 45 44 5f 4f 42 4a 00 00 00 00 # KINGADED_OBJ....
                       total: 18732
        }
        segment {
            Type:     PT_EXT 1685382480
            Flags:    0x00000004
            VirtAddr: 0x000000000002cec4
            PhysAddr: 0x000000000002cec4
            MemSize:  0x0000000000000744
            Align:    0x0000000000000004
            Data:     
                section 10 ".eh_frame_hdr" {
                    Type:      SHT_PROGBITS
                    Flags:     0x0000000000000002
                    Addr:      0x000000000002cec4
                    AddrAlign: 0x0000000000000004
                    EntSize:   0x0000000000000000
                    Data:      01 1b 03 3b 00 00 07 40 00 00 00 e7 ff fd 70 9c # ...;...@......p.
                               00 00 07 70 ff fd 70 bc 00 00 07 84 ff fd 70 dc # ...p..p.......p.
                               ...
                               ff ff b6 2c 00 00 40 ac ff ff b6 84 00 00 07 58 # ...,..@........X
                               total: 1860
                }
        }
        section 11 ".eh_frame" {
            Type:      SHT_PROGBITS
            Flags:     0x0000000000000002
            Addr:      0x000000000002d608
            AddrAlign: 0x0000000000000004
            EntSize:   0x0000000000000000
            Data:      00 00 00 10 00 00 00 00 01 7a 52 00 04 78 41 01 # .........zR..xA.
                       1b 0c 01 00 00 00 00 14 00 00 00 18 ff ff af 24 # ...............$
                       ...
                       00 00 39 6c ff ff 75 78 00 00 00 50 00 00 00 00 # ..9l..ux...P....
                       total: 14716
        }
}
segment {
    Type:     PT_LOAD
    Flags:    0x00000006
    VirtAddr: 0x000000000004dac0
    PhysAddr: 0x000000000004dac0
    MemSize:  0x00000000000036d0
    Align:    0x0000000000010000
    Data:     
        segment {
            Type:     PT_EXT 1685382482
            Flags:    0x00000004
            VirtAddr: 0x000000000004dac0
            PhysAddr: 0x000000000004dac0
            MemSize:  0x0000000000002540
            Align:    0x0000000000000001
            Data:     
                section 12 ".data.rel.ro" {
                    Type:      SHT_PROGBITS
                    Flags:     0x0000000000000003
                    Addr:      0x000000000004dac0
                    AddrAlign: 0x0000000000000008
                    EntSize:   0x0000000000000000
                    Data:      00 00 00 00 00 00 00 00 00 00 00 00 00 00 00 00 # ................
                               00 00 00 00 00 00 00 00 00 00 00 00 00 00 00 00 # ................
                               ...
                               00 00 00 00 00 00 00 00 00 00 00 00 00 00 00 00 # ................
                               total: 2912
                }
                segment {
                    Type:     PT_DYNAMIC
                    Flags:    0x00000006
                    VirtAddr: 0x000000000004e620
                    PhysAddr: 0x000000000004e620
                    MemSize:  0x0000000000000190
                    Align:    0x0000000000000008
                    Data:     
                        section 13 ".dynamic" {
                            Type:      SHT_DYNAMIC
                            Flags:     0x0000000000000003
                            Addr:      0x000000000004e620
                            AddrAlign: 0x0000000000000008
                            EntSize:   0x0000000000000010
                            Data:      00 00 00 00 00 00 00 0e 00 00 00 00 00 00 02 0f # ................
                                       00 00 00 00 6f ff fe f5 00 00 00 00 00 00 01 58 # ....o..........X
                                       ...
                                       00 00 00 00 00 00 00 00 00 00 00 00 00 00 00 00 # ................
                                       total: 400
                        }
                }
                section 14 ".opd" {
                    Type:      SHT_PROGBITS
                    Flags:     0x0000000000000003
                    Addr:      0x000000000004e7b0
                    AddrAlign: 0x0000000000000008
                    EntSize:   0x0000000000000000
                    Data:      00 00 00 00 00 00 3e 80 00 00 00 00 00 05 7e 00 # ......>.......~.
                               00 00 00 00 00 00 00 00 00 00 00 00 00 00 3e b0 # ..............>.
                               ...
                               00 00 00 00 00 05 7e 00 00 00 00 00 00 00 00 00 # ......~.........
                               total: 5568
                }
                section 15 ".plt" {
                    Type:      SHT_NOBITS
                    Flags:     0x0000000000000003
                    Addr:      0x000000000004fd70
                    AddrAlign: 0x0000000000000008
                    EntSize:   0x0000000000000018
                    Data:      
                }
                section 16 ".iplt" {
                    Type:      SHT_NOBITS
                    Flags:     0x0000000000000003
                    Addr:      0x000000000004fde8
                    AddrAlign: 0x0000000000000008
                    EntSize:   0x0000000000000000
                    Data:      
                }
                section 17 ".got" {
                    Type:      SHT_PROGBITS
                    Flags:     0x0000000000000003
                    Addr:      0x000000000004fe00
                    AddrAlign: 0x0000000000000100
                    EntSize:   0x0000000000000008
                    Data:      00 00 00 00 00 05 7e 00 00 00 00 00 00 05 00 00 # ......~.........
                               00 00 00 00 00 04 da c8 00 00 00 00 00 04 da c0 # ................
                               ...
                               00 00 00 00 00 02 7a 2c 00 00 00 00 00 02 7d 64 # ......z,......}d
                               total: 400
                }
        }
        section 18 ".sdata" {
            Type:      SHT_PROGBITS
            Flags:     0x0000000000000003
            Addr:      0x0000000000050000
            AddrAlign: 0x0000000000000008
            EntSize:   0x0000000000000000
            Data:      00 00 00 00 00 00 00 00 00 00 00 00 00 00 00 00 # ................
                       00 00 00 00 00 00 00 00 00 00 00 00 00 00 00 00 # ................
                       ...
                       00 00 00 00 00 00 00 00 00 00 00 00 00 00 00 00 # ................
                       total: 4112
        }
        section 19 ".data" {
            Type:      SHT_PROGBITS
            Flags:     0x0000000000000003
            Addr:      0x0000000000051010
            AddrAlign: 0x0000000000000008
            EntSize:   0x0000000000000000
            Data:      00 00 00 00 00 02 8e f8 07 5f cb a5 00 00 00 01 # ........._......
                       00 00 00 00 00 00 00 00                         # ........
        }
}
section 20 ".bss" {
    Type:      SHT_NOBITS
    Flags:     0x0000000000000003
    Addr:      0x0000000000051028
    AddrAlign: 0x0000000000000008
    EntSize:   0x0000000000000000
    Data:      
}
string table section 21 ".shstrtab"
section table