<>
<.ARM.attributes>
<.ARM.exidx>
<.bss>
<.comment>
<.data>
<.dynamic>
<.dynstr>
<.dynsym>
<.eh_frame>
<.fini>
<.fini_array>
<.gnu.hash>
<.gnu.version>
<.gnu.version_r>
<.got>
<.init>
<.init_array>
<.interp>
<.jcr>
<.note.ABI-tag>
<.note.gnu.build-id>
<.rel.dyn>
<.rel.plt>
<.rodata>
<.shstrtab>
<.text>