Header:   Class:      ELFCLASS32
          Data:       ELFDATA2LSB
          OSABI:      ELFOSABI_SYSV
          ABIVersion: 0
          Type:       ET_EXEC
          Machine:    EM_ARM
          Entry:      0x00009ce8
          PhOff:      0x00000034
          ShOff:      0x00009f60
          Flags:      0x05000002
          PhEntSize:  0x0020
          PhNum:      8
          ShEntSize:  0x0028
          ShNum:      28
          ShStrNdx:   27
Sections: - N:         0
            Name:      0
            Type:      SHT_NULL
            Flags:     0x00000000
            Addr:      0x00000000
            Offset:    0x00000000
            Size:      0x00000000
            Link:      0
            Info:      0
            AddrAlign: 0x00000000
            EntSize:   0x00000000
          - N:         1
            Name:      11
            Type:      SHT_PROGBITS
            Flags:     0x00000002
            Addr:      0x00008134
            Offset:    0x00000134
            Size:      0x00000013
            Link:      0
            Info:      0
            AddrAlign: 0x00000001
            EntSize:   0x00000000
          - N:         2
            Name:      19
            Type:      SHT_NOTE
            Flags:     0x00000002
            Addr:      0x00008148
            Offset:    0x00000148
            Size:      0x00000020
            Link:      0
            Info:      0
            AddrAlign: 0x00000004
            EntSize:   0x00000000
          - N:         3
            Name:      33
            Type:      SHT_NOTE
            Flags:     0x00000002
            Addr:      0x00008168
            Offset:    0x00000168
            Size:      0x00000024
            Link:      0
            Info:      0
            AddrAlign: 0x00000004
            EntSize:   0x00000000
          - N:         4
            Name:      52
            Type:      SHT_EXT 1879048182
            Flags:     0x00000002
            Addr:      0x0000818c
            Offset:    0x0000018c
            Size:      0x00000288
            Link:      5
            Info:      0
            AddrAlign: 0x00000004
            EntSize:   0x00000004
          - N:         5
            Name:      62
            Type:      SHT_DYNSYM
            Flags:     0x00000002
            Addr:      0x00008414
            Offset:    0x00000414
            Size:      0x000004d0
            Link:      6
            Info:      1
            AddrAlign: 0x00000004
            EntSize:   0x00000010
          - N:         6
            Name:      70
            Type:      SHT_STRTAB
            Flags:     0x00000002
            Addr:      0x000088e4
            Offset:    0x000008e4
            Size:      0x0000030c
            Link:      0
            Info:      0
            AddrAlign: 0x00000001
            EntSize:   0x00000000
          - N:         7
            Name:      78
            Type:      SHT_EXT 1879048191
            Flags:     0x00000002
            Addr:      0x00008bf0
            Offset:    0x00000bf0
            Size:      0x0000009a
            Link:      5
            Info:      0
            AddrAlign: 0x00000002
            EntSize:   0x00000002
          - N:         8
            Name:      91
            Type:      SHT_EXT 1879048190
            Flags:     0x00000002
            Addr:      0x00008c8c
            Offset:    0x00000c8c
            Size:      0x00000040
            Link:      6
            Info:      2
            AddrAlign: 0x00000004
            EntSize:   0x00000000
          - N:         9
            Name:      106
            Type:      SHT_REL
            Flags:     0x00000002
            Addr:      0x00008ccc
            Offset:    0x00000ccc
            Size:      0x00000028
            Link:      5
            Info:      0
            AddrAlign: 0x00000004
            EntSize:   0x00000008
          - N:         10
            Name:      115
            Type:      SHT_REL
            Flags:     0x00000002
            Addr:      0x00008cf4
            Offset:    0x00000cf4
            Size:      0x00000240
            Link:      5
            Info:      12
            AddrAlign: 0x00000004
            EntSize:   0x00000008
          - N:         11
            Name:      124
            Type:      SHT_PROGBITS
            Flags:     0x00000006
            Addr:      0x00008f34
            Offset:    0x00000f34
            Size:      0x0000000c
            Link:      0
            Info:      0
            AddrAlign: 0x00000004
            EntSize:   0x00000000
          - N:         12
            Name:      119
            Type:      SHT_PROGBITS
            Flags:     0x00000006
            Addr:      0x00008f40
            Offset:    0x00000f40
            Size:      0x00000374
            Link:      0
            Info:      0
            AddrAlign: 0x00000004
            EntSize:   0x00000004
          - N:         13
            Name:      130
            Type:      SHT_PROGBITS
            Flags:     0x00000006
            Addr:      0x000092b4
            Offset:    0x000012b4
            Size:      0x00006718
            Link:      0
            Info:      0
            AddrAlign: 0x00000004
            EntSize:   0x00000000
          - N:         14
            Name:      136
            Type:      SHT_PROGBITS
            Flags:     0x00000006
            Addr:      0x0000f9cc
            Offset:    0x000079cc
            Size:      0x00000008
            Link:      0
            Info:      0
            AddrAlign: 0x00000004
            EntSize:   0x00000000
          - N:         15
            Name:      142
            Type:      SHT_PROGBITS
            Flags:     0x00000002
            Addr:      0x0000f9d4
            Offset:    0x000079d4
            Size:      0x00001aa0
            Link:      0
            Info:      0
            AddrAlign: 0x00000004
            EntSize:   0x00000000
          - N:         16
            Name:      150
            Type:      SHT_EXT 1879048193
            Flags:     0x00000082
            Addr:      0x00011474
            Offset:    0x00009474
            Size:      0x00000008
            Link:      13
            Info:      0
            AddrAlign: 0x00000004
            EntSize:   0x00000000
          - N:         17
            Name:      161
            Type:      SHT_PROGBITS
            Flags:     0x00000002
            Addr:      0x0001147c
            Offset:    0x0000947c
            Size:      0x00000004
            Link:      0
            Info:      0
            AddrAlign: 0x00000004
            EntSize:   0x00000000
          - N:         18
            Name:      171
            Type:      SHT_EXT 14
            Flags:     0x00000003
            Addr:      0x00019480
            Offset:    0x00009480
            Size:      0x00000004
            Link:      0
            Info:      0
            AddrAlign: 0x00000004
            EntSize:   0x00000000
          - N:         19
            Name:      183
            Type:      SHT_EXT 15
            Flags:     0x00000003
            Addr:      0x00019484
            Offset:    0x00009484
            Size:      0x00000004
            Link:      0
            Info:      0
            AddrAlign: 0x00000004
            EntSize:   0x00000000
          - N:         20
            Name:      195
            Type:      SHT_PROGBITS
            Flags:     0x00000003
            Addr:      0x00019488
            Offset:    0x00009488
            Size:      0x00000004
            Link:      0
            Info:      0
            AddrAlign: 0x00000004
            EntSize:   0x00000000
          - N:         21
            Name:      200
            Type:      SHT_DYNAMIC
            Flags:     0x00000003
            Addr:      0x0001948c
            Offset:    0x0000948c
            Size:      0x000000f0
            Link:      6
            Info:      0
            AddrAlign: 0x00000004
            EntSize:   0x00000008
          - N:         22
            Name:      209
            Type:      SHT_PROGBITS
            Flags:     0x00000003
            Addr:      0x0001957c
            Offset:    0x0000957c
            Size:      0x00000130
            Link:      0
            Info:      0
            AddrAlign: 0x00000004
            EntSize:   0x00000004
          - N:         23
            Name:      214
            Type:      SHT_PROGBITS
            Flags:     0x00000003
            Addr:      0x000196ac
            Offset:    0x000096ac
            Size:      0x00000750
            Link:      0
            Info:      0
            AddrAlign: 0x00000004
            EntSize:   0x00000000
          - N:         24
            Name:      220
            Type:      SHT_NOBITS
            Flags:     0x00000003
            Addr:      0x00019e00
            Offset:    0x00009dfc
            Size:      0x00000b04
            Link:      0
            Info:      0
            AddrAlign: 0x00000008
            EntSize:   0x00000000
          - N:         25
            Name:      225
            Type:      SHT_PROGBITS
            Flags:     0x00000030
            Addr:      0x00000000
            Offset:    0x00009dfc
            Size:      0x00000032
            Link:      0
            Info:      0
            AddrAlign: 0x00000001
            EntSize:   0x00000001
          - N:         26
            Name:      234
            Type:      SHT_EXT 1879048195
            Flags:     0x00000000
            Addr:      0x00000000
            Offset:    0x00009e2e
            Size:      0x00000035
            Link:      0
            Info:      0
            AddrAlign: 0x00000001
            EntSize:   0x00000000
          - N:         27
            Name:      1
            Type:      SHT_STRTAB
            Flags:     0x00000000
            Addr:      0x00000000
            Offset:    0x00009e63
            Size:      0x000000fa
            Link:      0
            Info:      0
            AddrAlign: 0x00000001
            EntSize:   0x00000000
Segments: - N:        0
            Type:     PT_EXT 1879048193
            Flags:    0x00000004
            Offset:   0x00009474
            VirtAddr: 0x00011474
            PhysAddr: 0x00011474
            FileSize: 0x00000008
            MemSize:  0x00000008
            Align:    0x00000004
          - N:        1
            Type:     PT_PHDR
            Flags:    0x00000005
            Offset:   0x00000034
            VirtAddr: 0x00008034
            PhysAddr: 0x00008034
            FileSize: 0x00000100
            MemSize:  0x00000100
            Align:    0x00000004
          - N:        2
            Type:     PT_INTERP
            Flags:    0x00000004
            Offset:   0x00000134
            VirtAddr: 0x00008134
            PhysAddr: 0x00008134
            FileSize: 0x00000013
            MemSize:  0x00000013
            Align:    0x00000001
          - N:        3
            Type:     PT_LOAD
            Flags:    0x00000005
            Offset:   0x00000000
            VirtAddr: 0x00008000
            PhysAddr: 0x00008000
            FileSize: 0x00009480
            MemSize:  0x00009480
            Align:    0x00008000
          - N:        4
            Type:     PT_LOAD
            Flags:    0x00000006
            Offset:   0x00009480
            VirtAddr: 0x00019480
            PhysAddr: 0x00019480
            FileSize: 0x0000097c
            MemSize:  0x00001484
            Align:    0x00008000
          - N:        5
            Type:     PT_DYNAMIC
            Flags:    0x00000006
            Offset:   0x0000948c
            VirtAddr: 0x0001948c
            PhysAddr: 0x0001948c
            FileSize: 0x000000f0
            MemSize:  0x000000f0
            Align:    0x00000004
          - N:        6
            Type:     PT_NOTE
            Flags:    0x00000004
            Offset:   0x00000148
            VirtAddr: 0x00008148
            PhysAddr: 0x00008148
            FileSize: 0x00000044
            MemSize:  0x00000044
            Align:    0x00000004
          - N:        7
            Type:     PT_EXT 1685382481
            Flags:    0x00000006
            Offset:   0x00000000
            VirtAddr: 0x00000000
            PhysAddr: 0x00000000
            FileSize: 0x00000000
            MemSize:  0x00000000
            Align:    0x00000004