Header:   Class:      ELFCLASS32
          Data:       ELFDATA2LSB
          OSABI:      ELFOSABI_SYSV
          ABIVersion: 0
          Type:       ET_EXEC
          Machine:    EM_ARM
          Entry:      0x0001d3dc
          PhOff:      0x00000034
          ShOff:      0x000a1010
          Flags:      0x05000402
          PhEntSize:  0x0020
          PhNum:      9
          ShEntSize:  0x0028
          ShNum:      28
          ShStrNdx:   27
Sections: - N:         0
            Name:      0
            Type:      SHT_NULL
            Flags:     0x00000000
            Addr:      0x00000000
            Offset:    0x00000000
            Size:      0x00000000
            Link:      0
            Info:      0
            AddrAlign: 0x00000000
            EntSize:   0x00000000
          - N:         1
            Name:      11
            Type:      SHT_PROGBITS
            Flags:     0x00000002
            Addr:      0x00008154
            Offset:    0x00000154
            Size:      0x00000019
            Link:      0
            Info:      0
            AddrAlign: 0x00000001
            EntSize:   0x00000000
          - N:         2
            Name:      19
            Type:      SHT_NOTE
            Flags:     0x00000002
            Addr:      0x00008170
            Offset:    0x00000170
            Size:      0x00000020
            Link:      0
            Info:      0
            AddrAlign: 0x00000004
            EntSize:   0x00000000
          - N:         3
            Name:      33
            Type:      SHT_NOTE
            Flags:     0x00000002
            Addr:      0x00008190
            Offset:    0x00000190
            Size:      0x00000024
            Link:      0
            Info:      0
            AddrAlign: 0x00000004
            EntSize:   0x00000000
          - N:         4
            Name:      52
            Type:      SHT_EXT 1879048182
            Flags:     0x00000002
            Addr:      0x000081b4
            Offset:    0x000001b4
            Size:      0x00003394
            Link:      5
            Info:      0
            AddrAlign: 0x00000004
            EntSize:   0x00000004
          - N:         5
            Name:      62
            Type:      SHT_DYNSYM
            Flags:     0x00000002
            Addr:      0x0000b548
            Offset:    0x00003548
            Size:      0x00006eb0
            Link:      6
            Info:      1
            AddrAlign: 0x00000004
            EntSize:   0x00000010
          - N:         6
            Name:      70
            Type:      SHT_STRTAB
            Flags:     0x00000002
            Addr:      0x000123f8
            Offset:    0x0000a3f8
            Size:      0x00006728
            Link:      0
            Info:      0
            AddrAlign: 0x00000001
            EntSize:   0x00000000
          - N:         7
            Name:      78
            Type:      SHT_EXT 1879048191
            Flags:     0x00000002
            Addr:      0x00018b20
            Offset:    0x00010b20
            Size:      0x00000dd6
            Link:      5
            Info:      0
            AddrAlign: 0x00000002
            EntSize:   0x00000002
          - N:         8
            Name:      91
            Type:      SHT_EXT 1879048190
            Flags:     0x00000002
            Addr:      0x000198f8
            Offset:    0x000118f8
            Size:      0x00000090
            Link:      6
            Info:      3
            AddrAlign: 0x00000004
            EntSize:   0x00000000
          - N:         9
            Name:      106
            Type:      SHT_REL
            Flags:     0x00000002
            Addr:      0x00019988
            Offset:    0x00011988
            Size:      0x00000240
            Link:      5
            Info:      0
            AddrAlign: 0x00000004
            EntSize:   0x00000008
          - N:         10
            Name:      115
            Type:      SHT_REL
            Flags:     0x00000002
            Addr:      0x00019bc8
            Offset:    0x00011bc8
            Size:      0x000008c8
            Link:      5
            Info:      12
            AddrAlign: 0x00000004
            EntSize:   0x00000008
          - N:         11
            Name:      124
            Type:      SHT_PROGBITS
            Flags:     0x00000006
            Addr:      0x0001a490
            Offset:    0x00012490
            Size:      0x0000000c
            Link:      0
            Info:      0
            AddrAlign: 0x00000004
            EntSize:   0x00000000
          - N:         12
            Name:      119
            Type:      SHT_PROGBITS
            Flags:     0x00000006
            Addr:      0x0001a49c
            Offset:    0x0001249c
            Size:      0x00000d40
            Link:      0
            Info:      0
            AddrAlign: 0x00000004
            EntSize:   0x00000004
          - N:         13
            Name:      130
            Type:      SHT_PROGBITS
            Flags:     0x00000006
            Addr:      0x0001b1e0
            Offset:    0x000131e0
            Size:      0x00074ec4
            Link:      0
            Info:      0
            AddrAlign: 0x00000008
            EntSize:   0x00000000
          - N:         14
            Name:      136
            Type:      SHT_PROGBITS
            Flags:     0x00000006
            Addr:      0x000900a4
            Offset:    0x000880a4
            Size:      0x00000008
            Link:      0
            Info:      0
            AddrAlign: 0x00000004
            EntSize:   0x00000000
          - N:         15
            Name:      142
            Type:      SHT_PROGBITS
            Flags:     0x00000002
            Addr:      0x000900ac
            Offset:    0x000880ac
            Size:      0x00016618
            Link:      0
            Info:      0
            AddrAlign: 0x00000004
            EntSize:   0x00000000
          - N:         16
            Name:      150
            Type:      SHT_EXT 1879048193
            Flags:     0x00000082
            Addr:      0x000a66c4
            Offset:    0x0009e6c4
            Size:      0x00000008
            Link:      13
            Info:      0
            AddrAlign: 0x00000004
            EntSize:   0x00000000
          - N:         17
            Name:      161
            Type:      SHT_PROGBITS
            Flags:     0x00000002
            Addr:      0x000a66cc
            Offset:    0x0009e6cc
            Size:      0x00000004
            Link:      0
            Info:      0
            AddrAlign: 0x00000004
            EntSize:   0x00000000
          - N:         18
            Name:      171
            Type:      SHT_EXT 14
            Flags:     0x00000003
            Addr:      0x000aeeec
            Offset:    0x0009eeec
            Size:      0x00000004
            Link:      0
            Info:      0
            AddrAlign: 0x00000004
            EntSize:   0x00000000
          - N:         19
            Name:      183
            Type:      SHT_EXT 15
            Flags:     0x00000003
            Addr:      0x000aeef0
            Offset:    0x0009eef0
            Size:      0x00000004
            Link:      0
            Info:      0
            AddrAlign: 0x00000004
            EntSize:   0x00000000
          - N:         20
            Name:      195
            Type:      SHT_PROGBITS
            Flags:     0x00000003
            Addr:      0x000aeef4
            Offset:    0x0009eef4
            Size:      0x00000004
            Link:      0
            Info:      0
            AddrAlign: 0x00000004
            EntSize:   0x00000000
          - N:         21
            Name:      200
            Type:      SHT_DYNAMIC
            Flags:     0x00000003
            Addr:      0x000aeef8
            Offset:    0x0009eef8
            Size:      0x00000108
            Link:      6
            Info:      0
            AddrAlign: 0x00000004
            EntSize:   0x00000008
          - N:         22
            Name:      209
            Type:      SHT_PROGBITS
            Flags:     0x00000003
            Addr:      0x000af000
            Offset:    0x0009f000
            Size:      0x00000474
            Link:      0
            Info:      0
            AddrAlign: 0x00000004
            EntSize:   0x00000004
          - N:         23
            Name:      214
            Type:      SHT_PROGBITS
            Flags:     0x00000003
            Addr:      0x000af478
            Offset:    0x0009f478
            Size:      0x00001a08
            Link:      0
            Info:      0
            AddrAlign: 0x00000008
            EntSize:   0x00000000
          - N:         24
            Name:      220
            Type:      SHT_NOBITS
            Flags:     0x00000003
            Addr:      0x000b0e80
            Offset:    0x000a0e80
            Size:      0x000069fc
            Link:      0
            Info:      0
            AddrAlign: 0x00000008
            EntSize:   0x00000000
          - N:         25
            Name:      225
            Type:      SHT_PROGBITS
            Flags:     0x00000030
            Addr:      0x00000000
            Offset:    0x000a0e80
            Size:      0x0000005e
            Link:      0
            Info:      0
            AddrAlign: 0x00000001
            EntSize:   0x00000001
          - N:         26
            Name:      234
            Type:      SHT_EXT 1879048195
            Flags:     0x00000000
            Addr:      0x00000000
            Offset:    0x000a0ede
            Size:      0x00000035
            Link:      0
            Info:      0
            AddrAlign: 0x00000001
            EntSize:   0x00000000
          - N:         27
            Name:      1
            Type:      SHT_STRTAB
            Flags:     0x00000000
            Addr:      0x00000000
            Offset:    0x000a0f13
            Size:      0x000000fa
            Link:      0
            Info:      0
            AddrAlign: 0x00000001
            EntSize:   0x00000000
Segments: - N:        0
            Type:     PT_EXT 1879048193
            Flags:    0x00000004
            Offset:   0x0009e6c4
            VirtAddr: 0x000a66c4
            PhysAddr: 0x000a66c4
            FileSize: 0x00000008
            MemSize:  0x00000008
            Align:    0x00000004
          - N:        1
            Type:     PT_PHDR
            Flags:    0x00000005
            Offset:   0x00000034
            VirtAddr: 0x00008034
            PhysAddr: 0x00008034
            FileSize: 0x00000120
            MemSize:  0x00000120
            Align:    0x00000004
          - N:        2
            Type:     PT_INTERP
            Flags:    0x00000004
            Offset:   0x00000154
            VirtAddr: 0x00008154
            PhysAddr: 0x00008154
            FileSize: 0x00000019
            MemSize:  0x00000019
            Align:    0x00000001
          - N:        3
            Type:     PT_LOAD
            Flags:    0x00000005
            Offset:   0x00000000
            VirtAddr: 0x00008000
            PhysAddr: 0x00008000
            FileSize: 0x0009e6d0
            MemSize:  0x0009e6d0
            Align:    0x00008000
          - N:        4
            Type:     PT_LOAD
            Flags:    0x00000006
            Offset:   0x0009eeec
            VirtAddr: 0x000aeeec
            PhysAddr: 0x000aeeec
            FileSize: 0x00001f94
            MemSize:  0x00008990
            Align:    0x00008000
          - N:        5
            Type:     PT_DYNAMIC
            Flags:    0x00000006
            Offset:   0x0009eef8
            VirtAddr: 0x000aeef8
            PhysAddr: 0x000aeef8
            FileSize: 0x00000108
            MemSize:  0x00000108
            Align:    0x00000004
          - N:        6
            Type:     PT_NOTE
            Flags:    0x00000004
            Offset:   0x00000170
            VirtAddr: 0x00008170
            PhysAddr: 0x00008170
            FileSize: 0x00000044
            MemSize:  0x00000044
            Align:    0x00000004
          - N:        7
            Type:     PT_EXT 1685382481
            Flags:    0x00000006
            Offset:   0x00000000
            VirtAddr: 0x00000000
            PhysAddr: 0x00000000
            FileSize: 0x00000000
            MemSize:  0x00000000
            Align:    0x00000010
          - N:        8
            Type:     PT_EXT 1685382482
            Flags:    0x00000004
            Offset:   0x0009eeec
            VirtAddr: 0x000aeeec
            PhysAddr: 0x000aeeec
            FileSize: 0x00000114
            MemSize:  0x00000114
            Align:    0x00000001