Header:   Class:      ELFCLASS32
          Data:       ELFDATA2LSB
          OSABI:      ELFOSABI_SYSV
          ABIVersion: 0
          Type:       ET_EXEC
          Machine:    EM_ARM
          Entry:      0x00012248
          PhOff:      0x00000034
          ShOff:      0x0000a2dc
          Flags:      0x05000402
          PhEntSize:  0x0020
          PhNum:      9
          ShEntSize:  0x0028
          ShNum:      28
          ShStrNdx:   27
Sections: - N:         0
            Name:      0
            Type:      SHT_NULL
            Flags:     0x00000000
            Addr:      0x00000000
            Offset:    0x00000000
            Size:      0x00000000
            Link:      0
            Info:      0
            AddrAlign: 0x00000000
            EntSize:   0x00000000
          - N:         1
            Name:      11
            Type:      SHT_PROGBITS
            Flags:     0x00000002
            Addr:      0x00010154
            Offset:    0x00000154
            Size:      0x00000019
            Link:      0
            Info:      0
            AddrAlign: 0x00000001
            EntSize:   0x00000000
          - N:         2
            Name:      19
            Type:      SHT_NOTE
            Flags:     0x00000002
            Addr:      0x00010170
            Offset:    0x00000170
            Size:      0x00000020
            Link:      0
            Info:      0
            AddrAlign: 0x00000004
            EntSize:   0x00000000
          - N:         3
            Name:      33
            Type:      SHT_NOTE
            Flags:     0x00000002
            Addr:      0x00010190
            Offset:    0x00000190
            Size:      0x00000024
            Link:      0
            Info:      0
            AddrAlign: 0x00000004
            EntSize:   0x00000000
          - N:         4
            Name:      52
            Type:      SHT_EXT 1879048182
            Flags:     0x00000002
            Addr:      0x000101b4
            Offset:    0x000001b4
            Size:      0x00000404
            Link:      5
            Info:      0
            AddrAlign: 0x00000004
            EntSize:   0x00000004
          - N:         5
            Name:      62
            Type:      SHT_DYNSYM
            Flags:     0x00000002
            Addr:      0x000105b8
            Offset:    0x000005b8
            Size:      0x00000560
            Link:      6
            Info:      1
            AddrAlign: 0x00000004
            EntSize:   0x00000010
          - N:         6
            Name:      70
            Type:      SHT_STRTAB
            Flags:     0x00000002
            Addr:      0x00010b18
            Offset:    0x00000b18
            Size:      0x000003b2
            Link:      0
            Info:      0
            AddrAlign: 0x00000001
            EntSize:   0x00000000
          - N:         7
            Name:      78
            Type:      SHT_EXT 1879048191
            Flags:     0x00000002
            Addr:      0x00010eca
            Offset:    0x00000eca
            Size:      0x000000ac
            Link:      5
            Info:      0
            AddrAlign: 0x00000002
            EntSize:   0x00000002
          - N:         8
            Name:      91
            Type:      SHT_EXT 1879048190
            Flags:     0x00000002
            Addr:      0x00010f78
            Offset:    0x00000f78
            Size:      0x00000060
            Link:      6
            Info:      3
            AddrAlign: 0x00000004
            EntSize:   0x00000000
          - N:         9
            Name:      106
            Type:      SHT_REL
            Flags:     0x00000002
            Addr:      0x00010fd8
            Offset:    0x00000fd8
            Size:      0x00000040
            Link:      5
            Info:      0
            AddrAlign: 0x00000004
            EntSize:   0x00000008
          - N:         10
            Name:      115
            Type:      SHT_REL
            Flags:     0x00000042
            Addr:      0x00011018
            Offset:    0x00001018
            Size:      0x00000218
            Link:      5
            Info:      12
            AddrAlign: 0x00000004
            EntSize:   0x00000008
          - N:         11
            Name:      124
            Type:      SHT_PROGBITS
            Flags:     0x00000006
            Addr:      0x00011230
            Offset:    0x00001230
            Size:      0x0000000c
            Link:      0
            Info:      0
            AddrAlign: 0x00000004
            EntSize:   0x00000000
          - N:         12
            Name:      119
            Type:      SHT_PROGBITS
            Flags:     0x00000006
            Addr:      0x0001123c
            Offset:    0x0000123c
            Size:      0x00000338
            Link:      0
            Info:      0
            AddrAlign: 0x00000004
            EntSize:   0x00000004
          - N:         13
            Name:      130
            Type:      SHT_PROGBITS
            Flags:     0x00000006
            Addr:      0x00011578
            Offset:    0x00001578
            Size:      0x00007624
            Link:      0
            Info:      0
            AddrAlign: 0x00000008
            EntSize:   0x00000000
          - N:         14
            Name:      136
            Type:      SHT_PROGBITS
            Flags:     0x00000006
            Addr:      0x00018b9c
            Offset:    0x00008b9c
            Size:      0x00000008
            Link:      0
            Info:      0
            AddrAlign: 0x00000004
            EntSize:   0x00000000
          - N:         15
            Name:      142
            Type:      SHT_PROGBITS
            Flags:     0x00000002
            Addr:      0x00018ba4
            Offset:    0x00008ba4
            Size:      0x00001000
            Link:      0
            Info:      0
            AddrAlign: 0x00000004
            EntSize:   0x00000000
          - N:         16
            Name:      150
            Type:      SHT_EXT 1879048193
            Flags:     0x00000082
            Addr:      0x00019ba4
            Offset:    0x00009ba4
            Size:      0x00000020
            Link:      13
            Info:      0
            AddrAlign: 0x00000004
            EntSize:   0x00000000
          - N:         17
            Name:      161
            Type:      SHT_PROGBITS
            Flags:     0x00000002
            Addr:      0x00019bc4
            Offset:    0x00009bc4
            Size:      0x00000004
            Link:      0
            Info:      0
            AddrAlign: 0x00000004
            EntSize:   0x00000000
          - N:         18
            Name:      171
            Type:      SHT_EXT 14
            Flags:     0x00000003
            Addr:      0x00029efc
            Offset:    0x00009efc
            Size:      0x00000004
            Link:      0
            Info:      0
            AddrAlign: 0x00000004
            EntSize:   0x00000000
          - N:         19
            Name:      183
            Type:      SHT_EXT 15
            Flags:     0x00000003
            Addr:      0x00029f00
            Offset:    0x00009f00
            Size:      0x00000004
            Link:      0
            Info:      0
            AddrAlign: 0x00000004
            EntSize:   0x00000000
          - N:         20
            Name:      195
            Type:      SHT_PROGBITS
            Flags:     0x00000003
            Addr:      0x00029f04
            Offset:    0x00009f04
            Size:      0x00000004
            Link:      0
            Info:      0
            AddrAlign: 0x00000004
            EntSize:   0x00000000
          - N:         21
            Name:      200
            Type:      SHT_DYNAMIC
            Flags:     0x00000003
            Addr:      0x00029f08
            Offset:    0x00009f08
            Size:      0x000000f8
            Link:      6
            Info:      0
            AddrAlign: 0x00000004
            EntSize:   0x00000008
          - N:         22
            Name:      209
            Type:      SHT_PROGBITS
            Flags:     0x00000003
            Addr:      0x0002a000
            Offset:    0x0000a000
            Size:      0x00000120
            Link:      0
            Info:      0
            AddrAlign: 0x00000004
            EntSize:   0x00000004
          - N:         23
            Name:      214
            Type:      SHT_PROGBITS
            Flags:     0x00000003
            Addr:      0x0002a120
            Offset:    0x0000a120
            Size:      0x00000054
            Link:      0
            Info:      0
            AddrAlign: 0x00000004
            EntSize:   0x00000000
          - N:         24
            Name:      220
            Type:      SHT_NOBITS
            Flags:     0x00000003
            Addr:      0x0002a178
            Offset:    0x0000a174
            Size:      0x00000194
            Link:      0
            Info:      0
            AddrAlign: 0x00000008
            EntSize:   0x00000000
          - N:         25
            Name:      225
            Type:      SHT_PROGBITS
            Flags:     0x00000030
            Addr:      0x00000000
            Offset:    0x0000a174
            Size:      0x0000003b
            Link:      0
            Info:      0
            AddrAlign: 0x00000001
            EntSize:   0x00000001
          - N:         26
            Name:      234
            Type:      SHT_EXT 1879048195
            Flags:     0x00000000
            Addr:      0x00000000
            Offset:    0x0000a1af
            Size:      0x00000033
            Link:      0
            Info:      0
            AddrAlign: 0x00000001
            EntSize:   0x00000000
          - N:         27
            Name:      1
            Type:      SHT_STRTAB
            Flags:     0x00000000
            Addr:      0x00000000
            Offset:    0x0000a1e2
            Size:      0x000000fa
            Link:      0
            Info:      0
            AddrAlign: 0x00000001
            EntSize:   0x00000000
Segments: - N:        0
            Type:     PT_EXT 1879048193
            Flags:    0x00000004
            Offset:   0x00009ba4
            VirtAddr: 0x00019ba4
            PhysAddr: 0x00019ba4
            FileSize: 0x00000020
            MemSize:  0x00000020
            Align:    0x00000004
          - N:        1
            Type:     PT_PHDR
            Flags:    0x00000005
            Offset:   0x00000034
            VirtAddr: 0x00010034
            PhysAddr: 0x00010034
            FileSize: 0x00000120
            MemSize:  0x00000120
            Align:    0x00000004
          - N:        2
            Type:     PT_INTERP
            Flags:    0x00000004
            Offset:   0x00000154
            VirtAddr: 0x00010154
            PhysAddr: 0x00010154
            FileSize: 0x00000019
            MemSize:  0x00000019
            Align:    0x00000001
          - N:        3
            Type:     PT_LOAD
            Flags:    0x00000005
            Offset:   0x00000000
            VirtAddr: 0x00010000
            PhysAddr: 0x00010000
            FileSize: 0x00009bc8
            MemSize:  0x00009bc8
            Align:    0x00010000
          - N:        4
            Type:     PT_LOAD
            Flags:    0x00000006
            Offset:   0x00009efc
            VirtAddr: 0x00029efc
            PhysAddr: 0x00029efc
            FileSize: 0x00000278
            MemSize:  0x00000410
            Align:    0x00010000
          - N:        5
            Type:     PT_DYNAMIC
            Flags:    0x00000006
            Offset:   0x00009f08
            VirtAddr: 0x00029f08
            PhysAddr: 0x00029f08
            FileSize: 0x000000f8
            MemSize:  0x000000f8
            Align:    0x00000004
          - N:        6
            Type:     PT_NOTE
            Flags:    0x00000004
            Offset:   0x00000170
            VirtAddr: 0x00010170
            PhysAddr: 0x00010170
            FileSize: 0x00000044
            MemSize:  0x00000044
            Align:    0x00000004
          - N:        7
            Type:     PT_EXT 1685382481
            Flags:    0x00000006
            Offset:   0x00000000
            VirtAddr: 0x00000000
            PhysAddr: 0x00000000
            FileSize: 0x00000000
            MemSize:  0x00000000
            Align:    0x00000010
          - N:        8
            Type:     PT_EXT 1685382482
            Flags:    0x00000004
            Offset:   0x00009efc
            VirtAddr: 0x00029efc
            PhysAddr: 0x00029efc
            FileSize: 0x00000104
            MemSize:  0x00000104
            Align:    0x00000001