Header:   Class:      ELFCLASS32
          Data:       ELFDATA2LSB
          OSABI:      ELFOSABI_SYSV
          ABIVersion: 0
          Type:       ET_DYN
          Machine:    EM_EXT 243
          Entry:      0x00002b8c
          PhOff:      0x00000034
          ShOff:      0x000173b0
          Flags:      0x00000005
          PhEntSize:  0x0020
          PhNum:      8
          ShEntSize:  0x0028
          ShNum:      24
          ShStrNdx:   23
Sections: - N:         0
            Name:      0
            Type:      SHT_NULL
            Flags:     0x00000000
            Addr:      0x00000000
            Offset:    0x00000000
            Size:      0x00000000
            Link:      0
            Info:      0
            AddrAlign: 0x00000000
            EntSize:   0x00000000
          - N:         1
            Name:      11
            Type:      SHT_PROGBITS
            Flags:     0x00000002
            Addr:      0x00000134
            Offset:    0x00000134
            Size:      0x00000022
            Link:      0
            Info:      0
            AddrAlign: 0x00000001
            EntSize:   0x00000000
          - N:         2
            Name:      19
            Type:      SHT_NOTE
            Flags:     0x00000002
            Addr:      0x00000158
            Offset:    0x00000158
            Size:      0x00000020
            Link:      0
            Info:      0
            AddrAlign: 0x00000004
            EntSize:   0x00000000
          - N:         3
            Name:      33
            Type:      SHT_EXT 1879048182
            Flags:     0x00000002
            Addr:      0x00000178
            Offset:    0x00000178
            Size:      0x00000098
            Link:      4
            Info:      0
            AddrAlign: 0x00000004
            EntSize:   0x00000004
          - N:         4
            Name:      43
            Type:      SHT_DYNSYM
            Flags:     0x00000002
            Addr:      0x00000210
            Offset:    0x00000210
            Size:      0x000008c0
            Link:      5
            Info:      2
            AddrAlign: 0x00000004
            EntSize:   0x00000010
          - N:         5
            Name:      51
            Type:      SHT_STRTAB
            Flags:     0x00000002
            Addr:      0x00000ad0
            Offset:    0x00000ad0
            Size:      0x0000058a
            Link:      0
            Info:      0
            AddrAlign: 0x00000001
            EntSize:   0x00000000
          - N:         6
            Name:      59
            Type:      SHT_EXT 1879048191
            Flags:     0x00000002
            Addr:      0x0000105a
            Offset:    0x0000105a
            Size:      0x00000118
            Link:      4
            Info:      0
            AddrAlign: 0x00000002
            EntSize:   0x00000002
          - N:         7
            Name:      72
            Type:      SHT_EXT 1879048190
            Flags:     0x00000002
            Addr:      0x00001174
            Offset:    0x00001174
            Size:      0x00000040
            Link:      5
            Info:      2
            AddrAlign: 0x00000004
            EntSize:   0x00000000
          - N:         8
            Name:      87
            Type:      SHT_RELA
            Flags:     0x00000002
            Addr:      0x000011b4
            Offset:    0x000011b4
            Size:      0x000004ec
            Link:      4
            Info:      0
            AddrAlign: 0x00000004
            EntSize:   0x0000000c
          - N:         9
            Name:      97
            Type:      SHT_RELA
            Flags:     0x00000042
            Addr:      0x000016a0
            Offset:    0x000016a0
            Size:      0x00000558
            Link:      4
            Info:      21
            AddrAlign: 0x00000004
            EntSize:   0x0000000c
          - N:         10
            Name:      102
            Type:      SHT_PROGBITS
            Flags:     0x00000006
            Addr:      0x00001c00
            Offset:    0x00001c00
            Size:      0x00000740
            Link:      0
            Info:      0
            AddrAlign: 0x00000010
            EntSize:   0x00000010
          - N:         11
            Name:      107
            Type:      SHT_PROGBITS
            Flags:     0x00000006
            Addr:      0x00002340
            Offset:    0x00002340
            Size:      0x00010800
            Link:      0
            Info:      0
            AddrAlign: 0x00000004
            EntSize:   0x00000000
          - N:         12
            Name:      113
            Type:      SHT_PROGBITS
            Flags:     0x00000002
            Addr:      0x00012b40
            Offset:    0x00012b40
            Size:      0x00003a64
            Link:      0
            Info:      0
            AddrAlign: 0x00000008
            EntSize:   0x00000000
          - N:         13
            Name:      121
            Type:      SHT_PROGBITS
            Flags:     0x00000002
            Addr:      0x000165a4
            Offset:    0x000165a4
            Size:      0x00000024
            Link:      0
            Info:      0
            AddrAlign: 0x00000004
            EntSize:   0x00000000
          - N:         14
            Name:      135
            Type:      SHT_PROGBITS
            Flags:     0x00000002
            Addr:      0x000165c8
            Offset:    0x000165c8
            Size:      0x00000054
            Link:      0
            Info:      0
            AddrAlign: 0x00000004
            EntSize:   0x00000000
          - N:         15
            Name:      145
            Type:      SHT_EXT 16
            Flags:     0x00000003
            Addr:      0x00017c84
            Offset:    0x00016c84
            Size:      0x00000004
            Link:      0
            Info:      0
            AddrAlign: 0x00000001
            EntSize:   0x00000004
          - N:         16
            Name:      160
            Type:      SHT_EXT 14
            Flags:     0x00000003
            Addr:      0x00017c88
            Offset:    0x00016c88
            Size:      0x00000004
            Link:      0
            Info:      0
            AddrAlign: 0x00000004
            EntSize:   0x00000004
          - N:         17
            Name:      172
            Type:      SHT_EXT 15
            Flags:     0x00000003
            Addr:      0x00017c8c
            Offset:    0x00016c8c
            Size:      0x00000004
            Link:      0
            Info:      0
            AddrAlign: 0x00000004
            EntSize:   0x00000004
          - N:         18
            Name:      184
            Type:      SHT_PROGBITS
            Flags:     0x00000003
            Addr:      0x00017c90
            Offset:    0x00016c90
            Size:      0x00000278
            Link:      0
            Info:      0
            AddrAlign: 0x00000004
            EntSize:   0x00000000
          - N:         19
            Name:      197
            Type:      SHT_DYNAMIC
            Flags:     0x00000003
            Addr:      0x00017f08
            Offset:    0x00016f08
            Size:      0x000000f8
            Link:      5
            Info:      0
            AddrAlign: 0x00000004
            EntSize:   0x00000008
          - N:         20
            Name:      206
            Type:      SHT_PROGBITS
            Flags:     0x00000003
            Addr:      0x00018000
            Offset:    0x00017000
            Size:      0x0000009c
            Link:      0
            Info:      0
            AddrAlign: 0x00000004
            EntSize:   0x00000000
          - N:         21
            Name:      212
            Type:      SHT_PROGBITS
            Flags:     0x00000003
            Addr:      0x0001809c
            Offset:    0x0001709c
            Size:      0x00000234
            Link:      0
            Info:      0
            AddrAlign: 0x00000004
            EntSize:   0x00000004
          - N:         22
            Name:      217
            Type:      SHT_NOBITS
            Flags:     0x00000003
            Addr:      0x000182d0
            Offset:    0x000172d0
            Size:      0x000005e4
            Link:      0
            Info:      0
            AddrAlign: 0x00000004
            EntSize:   0x00000000
          - N:         23
            Name:      1
            Type:      SHT_STRTAB
            Flags:     0x00000000
            Addr:      0x00000000
            Offset:    0x000172d0
            Size:      0x000000de
            Link:      0
            Info:      0
            AddrAlign: 0x00000001
            EntSize:   0x00000000
Segments: - N:        0
            Type:     PT_PHDR
            Flags:    0x00000005
            Offset:   0x00000034
            VirtAddr: 0x00000034
            PhysAddr: 0x00000034
            FileSize: 0x00000100
            MemSize:  0x00000100
            Align:    0x00000004
          - N:        1
            Type:     PT_INTERP
            Flags:    0x00000004
            Offset:   0x00000134
            VirtAddr: 0x00000134
            PhysAddr: 0x00000134
            FileSize: 0x00000022
            MemSize:  0x00000022
            Align:    0x00000001
          - N:        2
            Type:     PT_LOAD
            Flags:    0x00000005
            Offset:   0x00000000
            VirtAddr: 0x00000000
            PhysAddr: 0x00000000
            FileSize: 0x0001661c
            MemSize:  0x0001661c
            Align:    0x00001000
          - N:        3
            Type:     PT_LOAD
            Flags:    0x00000006
            Offset:   0x00016c84
            VirtAddr: 0x00017c84
            PhysAddr: 0x00017c84
            FileSize: 0x0000064c
            MemSize:  0x00000c30
            Align:    0x00001000
          - N:        4
            Type:     PT_DYNAMIC
            Flags:    0x00000006
            Offset:   0x00016f08
            VirtAddr: 0x00017f08
            PhysAddr: 0x00017f08
            FileSize: 0x000000f8
            MemSize:  0x000000f8
            Align:    0x00000004
          - N:        5
            Type:     PT_NOTE
            Flags:    0x00000004
            Offset:   0x00000158
            VirtAddr: 0x00000158
            PhysAddr: 0x00000158
            FileSize: 0x00000020
            MemSize:  0x00000020
            Align:    0x00000004
          - N:        6
            Type:     PT_EXT 1685382480
            Flags:    0x00000004
            Offset:   0x000165a4
            VirtAddr: 0x000165a4
            PhysAddr: 0x000165a4
            FileSize: 0x00000024
            MemSize:  0x00000024
            Align:    0x00000004
          - N:        7
            Type:     PT_EXT 1685382482
            Flags:    0x00000004
            Offset:   0x00016c84
            VirtAddr: 0x00017c84
            PhysAddr: 0x00017c84
            FileSize: 0x0000037c
            MemSize:  0x0000037c
            Align:    0x00000001