<>
<.bss>
<.comment>
<.data>
<.data.rel.ro>
<.dynamic>
<.dynstr>
<.dynsym>
<.eh_frame>
<.eh_frame_hdr>
<.gnu.hash>
<.gnu.version>
<.gnu.version_d>
<.note.gnu.build-id>
<.note.gnu.property>
<.note.stapsdt>
<.plt.got>
<.plt.sec>
<.rela.dyn>
<.rela.plt>
<.rodata>
<.shstrtab>
<.stapsdt.base>
<.strtab>
<.symtab>
<.text>