header {
    Class:      ELFCLASS32
    Data:       ELFDATA2MSB
    OSABI:      ELFOSABI_SYSV
    ABIVersion: 0
    Type:       ET_REL
    Machine:    EM_PPC
    Entry:      0x00000000
    Flags:      0x00008000
}
section 1 ".text" {
    Type:      SHT_PROGBITS
    Flags:     0x00000006
    Addr:      0x00000000
    AddrAlign: 0x00000001
    EntSize:   0x00000000
    Data:      
}
section 2 ".data" {
    Type:      SHT_PROGBITS
    Flags:     0x00000003
    Addr:      0x00000000
    AddrAlign: 0x00000001
    EntSize:   0x00000000
    Data:      
}
section 3 ".bss" {
    Type:      SHT_NOBITS
    Flags:     0x00000003
    Addr:      0x00000000
    AddrAlign: 0x00000001
    EntSize:   0x00000000
    Data:      
}
section 4 ".init" {
    Type:      SHT_PROGBITS
    Flags:     0x00000006
    Addr:      0x00000000
    AddrAlign: 0x00000001
    EntSize:   0x00000000
    Data:      80 01 00 14 7c 08 03 a6 83 c1 00 08 38 21 00 10 # ....|.......8!..
               4e 80 00 20                                     # N.. 
}
section 5 ".fini" {
    Type:      SHT_PROGBITS
    Flags:     0x00000006
    Addr:      0x00000000
    AddrAlign: 0x00000001
    EntSize:   0x00000000
    Data:      80 01 00 14 7c 08 03 a6 83 c1 00 08 38 21 00 10 # ....|.......8!..
               4e 80 00 20                                     # N.. 
}
section 6 ".note.GNU-stack" {
    Type:      SHT_PROGBITS
    Flags:     0x00000000
    Addr:      0x00000000
    AddrAlign: 0x00000001
    EntSize:   0x00000000
    Data:      
}
string table section 7 ".shstrtab"
section table