Header:   Class:      ELFCLASS32
          Data:       ELFDATA2LSB
          OSABI:      ELFOSABI_SYSV
          ABIVersion: 0
          Type:       ET_REL
          Machine:    EM_EXT 113
          Entry:      0x00000000
          PhOff:      0x00000000
          ShOff:      0x00001a54
          Flags:      0x00000000
          PhEntSize:  0x0000
          PhNum:      0
          ShEntSize:  0x0028
          ShNum:      20
          ShStrNdx:   19
Sections: - N:         0
            Name:      0
            Type:      SHT_NULL
            Flags:     0x00000000
            Addr:      0x00000000
            Offset:    0x00000000
            Size:      0x00000000
            Link:      0
            Info:      0
            AddrAlign: 0x00000000
            EntSize:   0x00000000
          - N:         1
            Name:      32
            Type:      SHT_PROGBITS
            Flags:     0x00000006
            Addr:      0x00000000
            Offset:    0x00000034
            Size:      0x00000034
            Link:      0
            Info:      0
            AddrAlign: 0x00000004
            EntSize:   0x00000000
          - N:         2
            Name:      27
            Type:      SHT_RELA
            Flags:     0x00000040
            Addr:      0x00000000
            Offset:    0x00001320
            Size:      0x00000024
            Link:      17
            Info:      1
            AddrAlign: 0x00000004
            EntSize:   0x0000000c
          - N:         3
            Name:      38
            Type:      SHT_PROGBITS
            Flags:     0x00000003
            Addr:      0x00000000
            Offset:    0x00000068
            Size:      0x00000000
            Link:      0
            Info:      0
            AddrAlign: 0x00000001
            EntSize:   0x00000000
          - N:         4
            Name:      44
            Type:      SHT_NOBITS
            Flags:     0x00000003
            Addr:      0x00000000
            Offset:    0x00000068
            Size:      0x00000000
            Link:      0
            Info:      0
            AddrAlign: 0x00000001
            EntSize:   0x00000000
          - N:         5
            Name:      49
            Type:      SHT_PROGBITS
            Flags:     0x00000002
            Addr:      0x00000000
            Offset:    0x00000068
            Size:      0x0000000c
            Link:      0
            Info:      0
            AddrAlign: 0x00000004
            EntSize:   0x00000000
          - N:         6
            Name:      62
            Type:      SHT_PROGBITS
            Flags:     0x00000000
            Addr:      0x00000000
            Offset:    0x00000074
            Size:      0x00000927
            Link:      0
            Info:      0
            AddrAlign: 0x00000001
            EntSize:   0x00000000
          - N:         7
            Name:      57
            Type:      SHT_RELA
            Flags:     0x00000040
            Addr:      0x00000000
            Offset:    0x00001344
            Size:      0x00000630
            Link:      17
            Info:      6
            AddrAlign: 0x00000004
            EntSize:   0x0000000c
          - N:         8
            Name:      74
            Type:      SHT_PROGBITS
            Flags:     0x00000000
            Addr:      0x00000000
            Offset:    0x0000099b
            Size:      0x000001cd
            Link:      0
            Info:      0
            AddrAlign: 0x00000001
            EntSize:   0x00000000
          - N:         9
            Name:      93
            Type:      SHT_PROGBITS
            Flags:     0x00000000
            Addr:      0x00000000
            Offset:    0x00000b68
            Size:      0x00000020
            Link:      0
            Info:      0
            AddrAlign: 0x00000001
            EntSize:   0x00000000
          - N:         10
            Name:      88
            Type:      SHT_RELA
            Flags:     0x00000040
            Addr:      0x00000000
            Offset:    0x00001974
            Size:      0x00000018
            Link:      17
            Info:      9
            AddrAlign: 0x00000004
            EntSize:   0x0000000c
          - N:         11
            Name:      113
            Type:      SHT_PROGBITS
            Flags:     0x00000000
            Addr:      0x00000000
            Offset:    0x00000b88
            Size:      0x0000017b
            Link:      0
            Info:      0
            AddrAlign: 0x00000001
            EntSize:   0x00000000
          - N:         12
            Name:      108
            Type:      SHT_RELA
            Flags:     0x00000040
            Addr:      0x00000000
            Offset:    0x0000198c
            Size:      0x0000000c
            Link:      17
            Info:      11
            AddrAlign: 0x00000004
            EntSize:   0x0000000c
          - N:         13
            Name:      125
            Type:      SHT_PROGBITS
            Flags:     0x00000030
            Addr:      0x00000000
            Offset:    0x00000d03
            Size:      0x000004b4
            Link:      0
            Info:      0
            AddrAlign: 0x00000001
            EntSize:   0x00000001
          - N:         14
            Name:      136
            Type:      SHT_PROGBITS
            Flags:     0x00000030
            Addr:      0x00000000
            Offset:    0x000011b7
            Size:      0x0000002d
            Link:      0
            Info:      0
            AddrAlign: 0x00000001
            EntSize:   0x00000001
          - N:         15
            Name:      150
            Type:      SHT_PROGBITS
            Flags:     0x00000000
            Addr:      0x00000000
            Offset:    0x000011e4
            Size:      0x00000038
            Link:      0
            Info:      0
            AddrAlign: 0x00000004
            EntSize:   0x00000000
          - N:         16
            Name:      145
            Type:      SHT_RELA
            Flags:     0x00000040
            Addr:      0x00000000
            Offset:    0x00001998
            Size:      0x00000018
            Link:      17
            Info:      15
            AddrAlign: 0x00000004
            EntSize:   0x0000000c
          - N:         17
            Name:      1
            Type:      SHT_SYMTAB
            Flags:     0x00000000
            Addr:      0x00000000
            Offset:    0x0000121c
            Size:      0x000000f0
            Link:      18
            Info:      13
            AddrAlign: 0x00000004
            EntSize:   0x00000010
          - N:         18
            Name:      9
            Type:      SHT_STRTAB
            Flags:     0x00000000
            Addr:      0x00000000
            Offset:    0x0000130c
            Size:      0x00000011
            Link:      0
            Info:      0
            AddrAlign: 0x00000001
            EntSize:   0x00000000
          - N:         19
            Name:      17
            Type:      SHT_STRTAB
            Flags:     0x00000000
            Addr:      0x00000000
            Offset:    0x000019b0
            Size:      0x000000a3
            Link:      0
            Info:      0
            AddrAlign: 0x00000001
            EntSize:   0x00000000
Segments: 