<>
<.bss>
<.comment>
<.data>
<.dynamic>
<.dynstr>
<.dynsym>
<.eh_frame>
<.eh_frame_hdr>
<.fini>
<.fini_array>
<.gnu.hash>
<.gnu.version>
<.gnu.version_r>
<.got.plt>
<.init>
<.init_array>
<.interp>
<.jcr>
<.note.ABI-tag>
<.note.gnu.build-id>
<.plt.got>
<.rel.dyn>
<.rel.plt>
<.rodata>
<.shstrtab>
<.strtab>
<.symtab>
<.text>