Header:   Class:      ELFCLASS32
          Data:       ELFDATA2MSB
          OSABI:      ELFOSABI_SYSV
          ABIVersion: 0
          Type:       ET_EXEC
          Machine:    EM_MIPS
          Entry:      0x004060f0
          PhOff:      0x00000034
          ShOff:      0x00000000
          Flags:      0x50001007
          PhEntSize:  0x0020
          PhNum:      7
          ShEntSize:  0x0000
          ShNum:      0
          ShStrNdx:   0
Sections: 
Segments: - N:        0
            Type:     PT_PHDR
            Flags:    0x00000005
            Offset:   0x00000034
            VirtAddr: 0x00400034
            PhysAddr: 0x00400034
            FileSize: 0x000000e0
            MemSize:  0x000000e0
            Align:    0x00000004
          - N:        1
            Type:     PT_INTERP
            Flags:    0x00000004
            Offset:   0x00000114
            VirtAddr: 0x00400114
            PhysAddr: 0x00400114
            FileSize: 0x00000014
            MemSize:  0x00000014
            Align:    0x00000001
          - N:        2
            Type:     PT_LOAD
            Flags:    0x00000005
            Offset:   0x00000000
            VirtAddr: 0x00400000
            PhysAddr: 0x00400000
            FileSize: 0x00081b94
            MemSize:  0x00081b94
            Align:    0x00001000
          - N:        3
            Type:     PT_LOAD
            Flags:    0x00000006
            Offset:   0x00082000
            VirtAddr: 0x004c2000
            PhysAddr: 0x004c2000
            FileSize: 0x000018bc
            MemSize:  0x00002c68
            Align:    0x00001000
          - N:        4
            Type:     PT_DYNAMIC
            Flags:    0x00000007
            Offset:   0x00000128
            VirtAddr: 0x00400128
            PhysAddr: 0x00400128
            FileSize: 0x00005f34
            MemSize:  0x00005f34
            Align:    0x00000004
          - N:        5
            Type:     PT_EXT 1685382480
            Flags:    0x00000004
            Offset:   0x00081b68
            VirtAddr: 0x00481b68
            PhysAddr: 0x00481b68
            FileSize: 0x0000002c
            MemSize:  0x0000002c
            Align:    0x00000004
          - N:        6
            Type:     PT_EXT 1685382481
            Flags:    0x00000007
            Offset:   0x00000000
            VirtAddr: 0x00000000
            PhysAddr: 0x00000000
            FileSize: 0x00000000
            MemSize:  0x00000000
            Align:    0x00000004